// Jest Snapshot v1, https://goo.gl/fbAQLP

exports[`renders correctly 1`] = `
<div
  className="page_container "
>
  <div
    className="header"
  >
    <header>
      <h1>
        Welcome to SPNDR
      </h1>
    </header>
    <p>
      Finance Management. Simplified.
    </p>
  </div>
  <div
    className="user_buttons"
  >
    <button
      id="login"
      onClick={[Function]}
      type="button"
    >
      Login
    </button>
    <button
      id="register"
      onClick={[Function]}
      type="button"
    >
      Register
    </button>
  </div>
  <div
    className="content_container"
  >
    <div
      className="user_instructions"
    >
      <header
        id="instructions_heading"
      >
        <p>
          How to use:
        </p>
      </header>
      <section
        id="expense_instructions"
      >
        <p>
          First, lets add up your bills and other expenses by entering them into the expenses field and clicking "Add expense". This will add your expense to a list. Once you have entered all your expenses, move to the income portion of this application
        </p>
      </section>
      <section
        id="income_instructions"
      >
        <p>
          Second, add your monthly income in the income field. Both fields are required. Once you have completed this portion, click the "How much can I spend?" button to calculate the money you will have left for the current month after bills.
        </p>
      </section>
      <section
        id="extended features"
      >
        <p>
          The extended features of this app allow you to save your expenses and add items to a wishlist. This app can give you an estimate to when you will be able to purchase the items on your wishlist after completing the new budget creation process. These features are only available for registered users.
        </p>
      </section>
    </div>
    <div
      className="input_container"
    >
      <form
        className="demo_expenses"
        onSubmit={[Function]}
      >
        <div
          className="demo_monthly_expenses"
        >
          <label
            htmlFor="demo_expense_name"
          >
            Expense name
          </label>
          <input
            id="demo_name"
            name="name"
            placeholder="e.g. \\"Rent\\""
            required={true}
            type="text"
          />
          <label
            htmlFor="demo_expense_amount"
          >
            Amount
          </label>
          <input
            id="demo_amount"
            name="amount"
            placeholder="$1500.00"
            required={true}
            type="number"
          />
          <button
            id="expense_button"
            type="submit"
          >
            Add Expense
          </button>
          <ul />
        </div>
      </form>
      <form
        className="demo_income"
        onSubmit={[Function]}
      >
        <div
          className="income_section"
        >
          <label
            htmlFor="demoPage_income"
          >
            Monthly Income
          </label>
          <input
            id="demo_income"
            name="income"
            placeholder="$4000.00"
            required={true}
            type="number"
          />
          <label
            htmlFor="demoPage_savings"
          >
            Amount to add to savings
          </label>
          <input
            id="demo_savings"
            name="savings"
            placeholder="$150.00"
            required={true}
            type="number"
          />
        </div>
        <button
          id="spend_button"
          type="submit"
        >
          How much can I spend
        </button>
      </form>
      <div
        className="demo_sum"
      >
        <p>
          Monthly Allowance: 
        </p>
        <h3>
          $
        </h3>
      </div>
    </div>
  </div>
  <h3>
    Login or register to save your information and access extended features
  </h3>
</div>
`;
